// Jest Snapshot v1, https://goo.gl/fbAQLP

exports[`unit test of component 'button' should Button match with Snapshot 1`] = `
<button
  type="submit"
>
  button-text
</button>
`;
